{"__type":"$$EventMessageAudit","id":"18c831c9-668d-4a26-ba91-e90672123ac9","ts":"2026-09-07T20:21:41.985+00:00","eventName":"n8n.audit.workflow.created","message":"n8n.audit.workflow.created","payload":{"userId":"af982bc0-e34f-49fe-a826-09b5d0f81678","_email":"cnrsh@yahoo.com","_firstName":"Naresh","_lastName":"Chauhan","globalRole":"global:owner","workflowId":"KS55PJ26KRY8yRFh","workflowName":"My workflow"}}
{"__type":"$$EventMessageConfirm","confirm":"18c831c9-668d-4a26-ba91-e90672123ac9","ts":"2026-09-07T20:21:41.985+00:00","source":{"id":"0","name":"eventBus"}}
{"__type":"$$EventMessageAudit","id":"ce154de3-dcd0-4e85-bbda-6871d92cfc8e","ts":"2026-09-07T20:22:22.448+00:00","eventName":"n8n.audit.workflow.updated","message":"n8n.audit.workflow.updated","payload":{"userId":"af982bc0-e34f-49fe-a826-09b5d0f81678","_email":"cnrsh@yahoo.com","_firstName":"Naresh","_lastName":"Chauhan","globalRole":"global:owner","workflowId":"KS55PJ26KRY8yRFh","workflowName":"My workflow"}}
{"__type":"$$EventMessageConfirm","confirm":"ce154de3-dcd0-4e85-bbda-6871d92cfc8e","ts":"2026-09-07T20:22:22.448+00:00","source":{"id":"0","name":"eventBus"}}
{"__type":"$$EventMessageAudit","id":"3ed16913-365d-4a83-8063-9e5a52495290","ts":"2026-09-08T02:23:36.645+00:00","eventName":"n8n.audit.workflow.updated","message":"n8n.audit.workflow.updated","payload":{"userId":"af982bc0-e34f-49fe-a826-09b5d0f81678","_email":"cnrsh@yahoo.com","_firstName":"Naresh","_lastName":"Chauhan","globalRole":"global:owner","workflowId":"KS55PJ26KRY8yRFh","workflowName":"My workflow"}}
{"__type":"$$EventMessageConfirm","confirm":"3ed16913-365d-4a83-8063-9e5a52495290","ts":"2026-09-08T02:23:36.645+00:00","source":{"id":"0","name":"eventBus"}}
{"__type":"$$EventMessageAudit","id":"28bb67e6-87dd-41d8-9b6e-cf71e89607be","ts":"2026-09-08T02:24:16.029+00:00","eventName":"n8n.audit.workflow.updated","message":"n8n.audit.workflow.updated","payload":{"userId":"af982bc0-e34f-49fe-a826-09b5d0f81678","_email":"cnrsh@yahoo.com","_firstName":"Naresh","_lastName":"Chauhan","globalRole":"global:owner","workflowId":"KS55PJ26KRY8yRFh","workflowName":"My workflow"}}
{"__type":"$$EventMessageConfirm","confirm":"28bb67e6-87dd-41d8-9b6e-cf71e89607be","ts":"2026-09-08T02:24:16.030+00:00","source":{"id":"0","name":"eventBus"}}
{"__type":"$$EventMessageAudit","id":"fefd7145-592e-4973-8994-2211a73bca1c","ts":"2026-09-08T02:24:30.753+00:00","eventName":"n8n.audit.workflow.updated","message":"n8n.audit.workflow.updated","payload":{"userId":"af982bc0-e34f-49fe-a826-09b5d0f81678","_email":"cnrsh@yahoo.com","_firstName":"Naresh","_lastName":"Chauhan","globalRole":"global:owner","workflowId":"KS55PJ26KRY8yRFh","workflowName":"My workflow"}}
{"__type":"$$EventMessageConfirm","confirm":"fefd7145-592e-4973-8994-2211a73bca1c","ts":"2026-09-08T02:24:30.753+00:00","source":{"id":"0","name":"eventBus"}}
{"__type":"$$EventMessageAudit","id":"b59ed38b-143e-4486-a028-9df30ac6f6e3","ts":"2026-09-08T02:25:21.326+00:00","eventName":"n8n.audit.workflow.updated","message":"n8n.audit.workflow.updated","payload":{"userId":"af982bc0-e34f-49fe-a826-09b5d0f81678","_email":"cnrsh@yahoo.com","_firstName":"Naresh","_lastName":"Chauhan","globalRole":"global:owner","workflowId":"KS55PJ26KRY8yRFh","workflowName":"My workflow"}}
{"__type":"$$EventMessageConfirm","confirm":"b59ed38b-143e-4486-a028-9df30ac6f6e3","ts":"2026-09-08T02:25:21.326+00:00","source":{"id":"0","name":"eventBus"}}
{"__type":"$$EventMessageAudit","id":"43c9de80-c542-41ef-acf0-af5cdd76ec15","ts":"2026-09-08T02:25:36.142+00:00","eventName":"n8n.audit.workflow.executed","message":"n8n.audit.workflow.executed","payload":{"userId":"af982bc0-e34f-49fe-a826-09b5d0f81678","_email":"cnrsh@yahoo.com","_firstName":"Naresh","_lastName":"Chauhan","globalRole":"global:owner","workflowId":"KS55PJ26KRY8yRFh","workflowName":"My workflow","executionId":"1","projectId":"eCjVxmKv6JJs8lKE","projectName":"Naresh Chauhan <cnrsh@yahoo.com>","source":"user-manual"}}
{"__type":"$$EventMessageConfirm","confirm":"43c9de80-c542-41ef-acf0-af5cdd76ec15","ts":"2026-09-08T02:25:36.142+00:00","source":{"id":"0","name":"eventBus"}}
{"__type":"$$EventMessageWorkflow","id":"75b9cee1-8993-46b4-aea8-cfbe165ae193","ts":"2026-09-08T02:25:36.143+00:00","eventName":"n8n.workflow.started","message":"n8n.workflow.started","payload":{"executionId":"1","workflowId":"KS55PJ26KRY8yRFh","isManual":false,"mode":"manual","workflowName":"My workflow","projectId":"eCjVxmKv6JJs8lKE","projectName":"Naresh Chauhan <cnrsh@yahoo.com>"}}
{"__type":"$$EventMessageConfirm","confirm":"75b9cee1-8993-46b4-aea8-cfbe165ae193","ts":"2026-09-08T02:25:36.143+00:00","source":{"id":"0","name":"eventBus"}}
{"__type":"$$EventMessageNode","id":"87d936ae-1eec-497f-9c53-a613d8f076c8","ts":"2026-09-08T02:25:36.175+00:00","eventName":"n8n.node.started","message":"n8n.node.started","payload":{"workflowId":"KS55PJ26KRY8yRFh","workflowName":"My workflow","executionId":"1","nodeType":"n8n-nodes-base.scheduleTrigger","nodeName":"Schedule Trigger","nodeId":"32d8e36a-f3b7-4ae4-a9d8-ea12a49873d5"}}
{"__type":"$$EventMessageConfirm","confirm":"87d936ae-1eec-497f-9c53-a613d8f076c8","ts":"2026-09-08T02:25:36.175+00:00","source":{"id":"0","name":"eventBus"}}
{"__type":"$$EventMessageNode","id":"6b32a73e-b022-4795-a251-0f392aad463d","ts":"2026-09-08T02:25:36.206+00:00","eventName":"n8n.node.finished","message":"n8n.node.finished","payload":{"workflowId":"KS55PJ26KRY8yRFh","workflowName":"My workflow","executionId":"1","nodeType":"n8n-nodes-base.scheduleTrigger","nodeName":"Schedule Trigger","nodeId":"32d8e36a-f3b7-4ae4-a9d8-ea12a49873d5"}}
{"__type":"$$EventMessageConfirm","confirm":"6b32a73e-b022-4795-a251-0f392aad463d","ts":"2026-09-08T02:25:36.207+00:00","source":{"id":"0","name":"eventBus"}}
{"__type":"$$EventMessageNode","id":"7ccd4ab7-36b7-40a7-8909-6d97f6ac261d","ts":"2026-09-08T02:25:36.208+00:00","eventName":"n8n.node.started","message":"n8n.node.started","payload":{"workflowId":"KS55PJ26KRY8yRFh","workflowName":"My workflow","executionId":"1","nodeType":"n8n-nodes-base.set","nodeName":"Brand Config","nodeId":"397d19b4-b8f3-44f4-a29b-3196d78b881a"}}
{"__type":"$$EventMessageConfirm","confirm":"7ccd4ab7-36b7-40a7-8909-6d97f6ac261d","ts":"2026-09-08T02:25:36.208+00:00","source":{"id":"0","name":"eventBus"}}
{"__type":"$$EventMessageNode","id":"0baee729-5f95-4212-8b90-a3f514bf42e2","ts":"2026-09-08T02:25:36.214+00:00","eventName":"n8n.node.finished","message":"n8n.node.finished","payload":{"workflowId":"KS55PJ26KRY8yRFh","workflowName":"My workflow","executionId":"1","nodeType":"n8n-nodes-base.set","nodeName":"Brand Config","nodeId":"397d19b4-b8f3-44f4-a29b-3196d78b881a"}}
{"__type":"$$EventMessageConfirm","confirm":"0baee729-5f95-4212-8b90-a3f514bf42e2","ts":"2026-09-08T02:25:36.215+00:00","source":{"id":"0","name":"eventBus"}}
{"__type":"$$EventMessageWorkflow","id":"5e3abf5b-5159-4ec6-af96-722bbe4fbb2b","ts":"2026-09-08T02:25:36.222+00:00","eventName":"n8n.workflow.success","message":"n8n.workflow.success","payload":{"userId":"af982bc0-e34f-49fe-a826-09b5d0f81678","executionId":"1","success":true,"isManual":true,"mode":"manual","workflowId":"KS55PJ26KRY8yRFh","workflowName":"My workflow","projectId":"eCjVxmKv6JJs8lKE","projectName":"Naresh Chauhan <cnrsh@yahoo.com>"}}
{"__type":"$$EventMessageConfirm","confirm":"5e3abf5b-5159-4ec6-af96-722bbe4fbb2b","ts":"2026-09-08T02:25:36.222+00:00","source":{"id":"0","name":"eventBus"}}
{"__type":"$$EventMessageAudit","id":"589507f1-6f21-4324-bebc-4d23d2d58773","ts":"2026-09-08T02:26:02.216+00:00","eventName":"n8n.audit.workflow.updated","message":"n8n.audit.workflow.updated","payload":{"userId":"af982bc0-e34f-49fe-a826-09b5d0f81678","_email":"cnrsh@yahoo.com","_firstName":"Naresh","_lastName":"Chauhan","globalRole":"global:owner","workflowId":"KS55PJ26KRY8yRFh","workflowName":"My workflow"}}
{"__type":"$$EventMessageConfirm","confirm":"589507f1-6f21-4324-bebc-4d23d2d58773","ts":"2026-09-08T02:26:02.216+00:00","source":{"id":"0","name":"eventBus"}}
{"__type":"$$EventMessageAudit","id":"389dc386-d837-4ca6-b860-31f8625da700","ts":"2026-09-08T02:26:13.531+00:00","eventName":"n8n.audit.workflow.updated","message":"n8n.audit.workflow.updated","payload":{"userId":"af982bc0-e34f-49fe-a826-09b5d0f81678","_email":"cnrsh@yahoo.com","_firstName":"Naresh","_lastName":"Chauhan","globalRole":"global:owner","workflowId":"KS55PJ26KRY8yRFh","workflowName":"My workflow"}}
{"__type":"$$EventMessageConfirm","confirm":"389dc386-d837-4ca6-b860-31f8625da700","ts":"2026-09-08T02:26:13.531+00:00","source":{"id":"0","name":"eventBus"}}
{"__type":"$$EventMessageAudit","id":"80adb4aa-6275-422e-8af8-a3bafc5b433a","ts":"2026-09-08T02:26:54.144+00:00","eventName":"n8n.audit.workflow.updated","message":"n8n.audit.workflow.updated","payload":{"userId":"af982bc0-e34f-49fe-a826-09b5d0f81678","_email":"cnrsh@yahoo.com","_firstName":"Naresh","_lastName":"Chauhan","globalRole":"global:owner","workflowId":"KS55PJ26KRY8yRFh","workflowName":"My workflow"}}
{"__type":"$$EventMessageConfirm","confirm":"80adb4aa-6275-422e-8af8-a3bafc5b433a","ts":"2026-09-08T02:26:54.144+00:00","source":{"id":"0","name":"eventBus"}}
{"__type":"$$EventMessageAudit","id":"58c50e2a-aa99-42c2-a01c-cecd5d98f135","ts":"2026-09-08T02:27:14.595+00:00","eventName":"n8n.audit.workflow.updated","message":"n8n.audit.workflow.updated","payload":{"userId":"af982bc0-e34f-49fe-a826-09b5d0f81678","_email":"cnrsh@yahoo.com","_firstName":"Naresh","_lastName":"Chauhan","globalRole":"global:owner","workflowId":"KS55PJ26KRY8yRFh","workflowName":"My workflow"}}
{"__type":"$$EventMessageConfirm","confirm":"58c50e2a-aa99-42c2-a01c-cecd5d98f135","ts":"2026-09-08T02:27:14.595+00:00","source":{"id":"0","name":"eventBus"}}
{"__type":"$$EventMessageAudit","id":"a5d560aa-0530-44ee-ac9e-bbdd6e189805","ts":"2026-09-08T02:27:44.918+00:00","eventName":"n8n.audit.workflow.updated","message":"n8n.audit.workflow.updated","payload":{"userId":"af982bc0-e34f-49fe-a826-09b5d0f81678","_email":"cnrsh@yahoo.com","_firstName":"Naresh","_lastName":"Chauhan","globalRole":"global:owner","workflowId":"KS55PJ26KRY8yRFh","workflowName":"My workflow"}}
{"__type":"$$EventMessageConfirm","confirm":"a5d560aa-0530-44ee-ac9e-bbdd6e189805","ts":"2026-09-08T02:27:44.918+00:00","source":{"id":"0","name":"eventBus"}}
{"__type":"$$EventMessageAudit","id":"be97cb76-52d8-4638-be22-f4c4c1696589","ts":"2026-09-08T02:27:52.533+00:00","eventName":"n8n.audit.workflow.updated","message":"n8n.audit.workflow.updated","payload":{"userId":"af982bc0-e34f-49fe-a826-09b5d0f81678","_email":"cnrsh@yahoo.com","_firstName":"Naresh","_lastName":"Chauhan","globalRole":"global:owner","workflowId":"KS55PJ26KRY8yRFh","workflowName":"My workflow"}}
{"__type":"$$EventMessageConfirm","confirm":"be97cb76-52d8-4638-be22-f4c4c1696589","ts":"2026-09-08T02:27:52.533+00:00","source":{"id":"0","name":"eventBus"}}
{"__type":"$$EventMessageAudit","id":"00e8b8e8-a17e-40d2-abdb-99d30e6e5ef2","ts":"2026-09-08T02:29:21.895+00:00","eventName":"n8n.audit.workflow.executed","message":"n8n.audit.workflow.executed","payload":{"userId":"af982bc0-e34f-49fe-a826-09b5d0f81678","_email":"cnrsh@yahoo.com","_firstName":"Naresh","_lastName":"Chauhan","globalRole":"global:owner","workflowId":"KS55PJ26KRY8yRFh","workflowName":"My workflow","executionId":"2","projectId":"eCjVxmKv6JJs8lKE","projectName":"Naresh Chauhan <cnrsh@yahoo.com>","source":"user-manual"}}
{"__type":"$$EventMessageConfirm","confirm":"00e8b8e8-a17e-40d2-abdb-99d30e6e5ef2","ts":"2026-09-08T02:29:21.895+00:00","source":{"id":"0","name":"eventBus"}}
{"__type":"$$EventMessageWorkflow","id":"7b0d775b-0643-4fec-a00f-28c23b87bfed","ts":"2026-09-08T02:29:21.897+00:00","eventName":"n8n.workflow.started","message":"n8n.workflow.started","payload":{"executionId":"2","workflowId":"KS55PJ26KRY8yRFh","isManual":false,"mode":"manual","workflowName":"My workflow","projectId":"eCjVxmKv6JJs8lKE","projectName":"Naresh Chauhan <cnrsh@yahoo.com>"}}
{"__type":"$$EventMessageConfirm","confirm":"7b0d775b-0643-4fec-a00f-28c23b87bfed","ts":"2026-09-08T02:29:21.897+00:00","source":{"id":"0","name":"eventBus"}}
{"__type":"$$EventMessageNode","id":"cc570b11-8d1c-4678-98e8-9db547b3850b","ts":"2026-09-08T02:29:21.906+00:00","eventName":"n8n.node.started","message":"n8n.node.started","payload":{"workflowId":"KS55PJ26KRY8yRFh","workflowName":"My workflow","executionId":"2","nodeType":"n8n-nodes-base.httpRequest","nodeName":"HTTP Request","nodeId":"f6758668-9e08-4fb2-bb72-edfba4d00c10"}}
{"__type":"$$EventMessageConfirm","confirm":"cc570b11-8d1c-4678-98e8-9db547b3850b","ts":"2026-09-08T02:29:21.906+00:00","source":{"id":"0","name":"eventBus"}}
{"__type":"$$EventMessageNode","id":"d95d50b6-1a27-44bb-9ee6-9efd91882c68","ts":"2026-09-07T22:29:22.040-04:00","eventName":"n8n.node.finished","message":"n8n.node.finished","payload":{"workflowId":"KS55PJ26KRY8yRFh","workflowName":"My workflow","executionId":"2","nodeType":"n8n-nodes-base.httpRequest","nodeName":"HTTP Request","nodeId":"f6758668-9e08-4fb2-bb72-edfba4d00c10"}}
{"__type":"$$EventMessageConfirm","confirm":"d95d50b6-1a27-44bb-9ee6-9efd91882c68","ts":"2026-09-07T22:29:22.042-04:00","source":{"id":"0","name":"eventBus"}}
{"__type":"$$EventMessageWorkflow","id":"14608f17-857f-479b-98c5-3bf2690d7f2e","ts":"2026-09-07T22:29:22.052-04:00","eventName":"n8n.workflow.success","message":"n8n.workflow.success","payload":{"userId":"af982bc0-e34f-49fe-a826-09b5d0f81678","executionId":"2","success":true,"isManual":true,"mode":"manual","workflowId":"KS55PJ26KRY8yRFh","workflowName":"My workflow","projectId":"eCjVxmKv6JJs8lKE","projectName":"Naresh Chauhan <cnrsh@yahoo.com>"}}
{"__type":"$$EventMessageConfirm","confirm":"14608f17-857f-479b-98c5-3bf2690d7f2e","ts":"2026-09-07T22:29:22.052-04:00","source":{"id":"0","name":"eventBus"}}
{"__type":"$$EventMessageAudit","id":"3b77dd93-dafc-417a-bacb-a0a54a5e2155","ts":"2026-09-07T22:30:10.216-04:00","eventName":"n8n.audit.workflow.updated","message":"n8n.audit.workflow.updated","payload":{"userId":"af982bc0-e34f-49fe-a826-09b5d0f81678","_email":"cnrsh@yahoo.com","_firstName":"Naresh","_lastName":"Chauhan","globalRole":"global:owner","workflowId":"KS55PJ26KRY8yRFh","workflowName":"My workflow"}}
{"__type":"$$EventMessageConfirm","confirm":"3b77dd93-dafc-417a-bacb-a0a54a5e2155","ts":"2026-09-07T22:30:10.216-04:00","source":{"id":"0","name":"eventBus"}}
{"__type":"$$EventMessageAudit","id":"7238114b-77b5-47bd-aa9e-5ee971da6f93","ts":"2026-09-07T22:32:59.331-04:00","eventName":"n8n.audit.workflow.updated","message":"n8n.audit.workflow.updated","payload":{"userId":"af982bc0-e34f-49fe-a826-09b5d0f81678","_email":"cnrsh@yahoo.com","_firstName":"Naresh","_lastName":"Chauhan","globalRole":"global:owner","workflowId":"KS55PJ26KRY8yRFh","workflowName":"My workflow"}}
{"__type":"$$EventMessageConfirm","confirm":"7238114b-77b5-47bd-aa9e-5ee971da6f93","ts":"2026-09-07T22:32:59.331-04:00","source":{"id":"0","name":"eventBus"}}
{"__type":"$$EventMessageAudit","id":"34aa8672-4dfc-4ac9-ae6c-2a7564b83ee4","ts":"2026-09-07T22:33:25.027-04:00","eventName":"n8n.audit.workflow.updated","message":"n8n.audit.workflow.updated","payload":{"userId":"af982bc0-e34f-49fe-a826-09b5d0f81678","_email":"cnrsh@yahoo.com","_firstName":"Naresh","_lastName":"Chauhan","globalRole":"global:owner","workflowId":"KS55PJ26KRY8yRFh","workflowName":"My workflow"}}
{"__type":"$$EventMessageConfirm","confirm":"34aa8672-4dfc-4ac9-ae6c-2a7564b83ee4","ts":"2026-09-07T22:33:25.027-04:00","source":{"id":"0","name":"eventBus"}}
{"__type":"$$EventMessageAudit","id":"2f589890-9c1e-4ff6-bfbb-4fd883775e2c","ts":"2026-09-07T22:33:28.863-04:00","eventName":"n8n.audit.workflow.updated","message":"n8n.audit.workflow.updated","payload":{"userId":"af982bc0-e34f-49fe-a826-09b5d0f81678","_email":"cnrsh@yahoo.com","_firstName":"Naresh","_lastName":"Chauhan","globalRole":"global:owner","workflowId":"KS55PJ26KRY8yRFh","workflowName":"My workflow"}}
{"__type":"$$EventMessageConfirm","confirm":"2f589890-9c1e-4ff6-bfbb-4fd883775e2c","ts":"2026-09-07T22:33:28.863-04:00","source":{"id":"0","name":"eventBus"}}
{"__type":"$$EventMessageAudit","id":"165f03cf-01bf-4a3b-97e5-ed4581480192","ts":"2026-09-07T22:47:47.331-04:00","eventName":"n8n.audit.workflow.updated","message":"n8n.audit.workflow.updated","payload":{"userId":"af982bc0-e34f-49fe-a826-09b5d0f81678","_email":"cnrsh@yahoo.com","_firstName":"Naresh","_lastName":"Chauhan","globalRole":"global:owner","workflowId":"KS55PJ26KRY8yRFh","workflowName":"My workflow"}}
{"__type":"$$EventMessageConfirm","confirm":"165f03cf-01bf-4a3b-97e5-ed4581480192","ts":"2026-09-07T22:47:47.332-04:00","source":{"id":"0","name":"eventBus"}}
{"__type":"$$EventMessageAudit","id":"aa15b5d5-8cca-4a16-961f-ba1958d56d23","ts":"2026-09-07T22:49:08.754-04:00","eventName":"n8n.audit.workflow.updated","message":"n8n.audit.workflow.updated","payload":{"userId":"af982bc0-e34f-49fe-a826-09b5d0f81678","_email":"cnrsh@yahoo.com","_firstName":"Naresh","_lastName":"Chauhan","globalRole":"global:owner","workflowId":"KS55PJ26KRY8yRFh","workflowName":"My workflow"}}
{"__type":"$$EventMessageConfirm","confirm":"aa15b5d5-8cca-4a16-961f-ba1958d56d23","ts":"2026-09-07T22:49:08.754-04:00","source":{"id":"0","name":"eventBus"}}
{"__type":"$$EventMessageAudit","id":"8926b928-118b-4402-99a1-e2110a9c65f2","ts":"2026-09-07T22:50:17.266-04:00","eventName":"n8n.audit.workflow.updated","message":"n8n.audit.workflow.updated","payload":{"userId":"af982bc0-e34f-49fe-a826-09b5d0f81678","_email":"cnrsh@yahoo.com","_firstName":"Naresh","_lastName":"Chauhan","globalRole":"global:owner","workflowId":"KS55PJ26KRY8yRFh","workflowName":"My workflow"}}
{"__type":"$$EventMessageConfirm","confirm":"8926b928-118b-4402-99a1-e2110a9c65f2","ts":"2026-09-07T22:50:17.266-04:00","source":{"id":"0","name":"eventBus"}}
{"__type":"$$EventMessageAudit","id":"2c3f9bd9-606f-4019-b382-f0124cc2d1da","ts":"2026-09-07T22:50:35.593-04:00","eventName":"n8n.audit.workflow.updated","message":"n8n.audit.workflow.updated","payload":{"userId":"af982bc0-e34f-49fe-a826-09b5d0f81678","_email":"cnrsh@yahoo.com","_firstName":"Naresh","_lastName":"Chauhan","globalRole":"global:owner","workflowId":"KS55PJ26KRY8yRFh","workflowName":"My workflow"}}
{"__type":"$$EventMessageConfirm","confirm":"2c3f9bd9-606f-4019-b382-f0124cc2d1da","ts":"2026-09-07T22:50:35.593-04:00","source":{"id":"0","name":"eventBus"}}
{"__type":"$$EventMessageAudit","id":"486ce59d-f60e-4a02-8628-049c9efe91a3","ts":"2026-09-07T22:50:38.832-04:00","eventName":"n8n.audit.workflow.updated","message":"n8n.audit.workflow.updated","payload":{"userId":"af982bc0-e34f-49fe-a826-09b5d0f81678","_email":"cnrsh@yahoo.com","_firstName":"Naresh","_lastName":"Chauhan","globalRole":"global:owner","workflowId":"KS55PJ26KRY8yRFh","workflowName":"My workflow"}}
{"__type":"$$EventMessageConfirm","confirm":"486ce59d-f60e-4a02-8628-049c9efe91a3","ts":"2026-09-07T22:50:38.833-04:00","source":{"id":"0","name":"eventBus"}}
{"__type":"$$EventMessageAudit","id":"d06f59f5-fbf7-41f1-b92a-f754692f5272","ts":"2026-09-07T22:53:54.739-04:00","eventName":"n8n.audit.workflow.updated","message":"n8n.audit.workflow.updated","payload":{"userId":"af982bc0-e34f-49fe-a826-09b5d0f81678","_email":"cnrsh@yahoo.com","_firstName":"Naresh","_lastName":"Chauhan","globalRole":"global:owner","workflowId":"KS55PJ26KRY8yRFh","workflowName":"My workflow"}}
{"__type":"$$EventMessageConfirm","confirm":"d06f59f5-fbf7-41f1-b92a-f754692f5272","ts":"2026-09-07T22:53:54.739-04:00","source":{"id":"0","name":"eventBus"}}
{"__type":"$$EventMessageAudit","id":"caf99150-96d4-4e77-94c4-dec34724f636","ts":"2026-09-07T22:54:02.300-04:00","eventName":"n8n.audit.workflow.updated","message":"n8n.audit.workflow.updated","payload":{"userId":"af982bc0-e34f-49fe-a826-09b5d0f81678","_email":"cnrsh@yahoo.com","_firstName":"Naresh","_lastName":"Chauhan","globalRole":"global:owner","workflowId":"KS55PJ26KRY8yRFh","workflowName":"My workflow"}}
{"__type":"$$EventMessageConfirm","confirm":"caf99150-96d4-4e77-94c4-dec34724f636","ts":"2026-09-07T22:54:02.301-04:00","source":{"id":"0","name":"eventBus"}}
{"__type":"$$EventMessageAudit","id":"b89d1a9c-ae9b-4f98-9052-b61f79d4f270","ts":"2026-09-07T22:54:10.475-04:00","eventName":"n8n.audit.workflow.updated","message":"n8n.audit.workflow.updated","payload":{"userId":"af982bc0-e34f-49fe-a826-09b5d0f81678","_email":"cnrsh@yahoo.com","_firstName":"Naresh","_lastName":"Chauhan","globalRole":"global:owner","workflowId":"KS55PJ26KRY8yRFh","workflowName":"My workflow"}}
{"__type":"$$EventMessageConfirm","confirm":"b89d1a9c-ae9b-4f98-9052-b61f79d4f270","ts":"2026-09-07T22:54:10.475-04:00","source":{"id":"0","name":"eventBus"}}
{"__type":"$$EventMessageAudit","id":"33a94d45-452b-4346-9125-fe8270dcf06a","ts":"2026-09-07T22:54:27.338-04:00","eventName":"n8n.audit.workflow.updated","message":"n8n.audit.workflow.updated","payload":{"userId":"af982bc0-e34f-49fe-a826-09b5d0f81678","_email":"cnrsh@yahoo.com","_firstName":"Naresh","_lastName":"Chauhan","globalRole":"global:owner","workflowId":"KS55PJ26KRY8yRFh","workflowName":"My workflow"}}
{"__type":"$$EventMessageConfirm","confirm":"33a94d45-452b-4346-9125-fe8270dcf06a","ts":"2026-09-07T22:54:27.338-04:00","source":{"id":"0","name":"eventBus"}}
{"__type":"$$EventMessageAudit","id":"b95b0226-7cfa-456d-bcdc-5ee66af58d71","ts":"2026-09-07T22:54:56.844-04:00","eventName":"n8n.audit.workflow.updated","message":"n8n.audit.workflow.updated","payload":{"userId":"af982bc0-e34f-49fe-a826-09b5d0f81678","_email":"cnrsh@yahoo.com","_firstName":"Naresh","_lastName":"Chauhan","globalRole":"global:owner","workflowId":"KS55PJ26KRY8yRFh","workflowName":"My workflow"}}
{"__type":"$$EventMessageConfirm","confirm":"b95b0226-7cfa-456d-bcdc-5ee66af58d71","ts":"2026-09-07T22:54:56.844-04:00","source":{"id":"0","name":"eventBus"}}
{"__type":"$$EventMessageAudit","id":"a2fdac18-177e-419b-bc97-9dc1f8240c52","ts":"2026-09-07T22:55:05.975-04:00","eventName":"n8n.audit.workflow.updated","message":"n8n.audit.workflow.updated","payload":{"userId":"af982bc0-e34f-49fe-a826-09b5d0f81678","_email":"cnrsh@yahoo.com","_firstName":"Naresh","_lastName":"Chauhan","globalRole":"global:owner","workflowId":"KS55PJ26KRY8yRFh","workflowName":"My workflow"}}
{"__type":"$$EventMessageConfirm","confirm":"a2fdac18-177e-419b-bc97-9dc1f8240c52","ts":"2026-09-07T22:55:05.975-04:00","source":{"id":"0","name":"eventBus"}}
{"__type":"$$EventMessageAudit","id":"f240df66-01e6-4253-9507-5a2a5402e7b6","ts":"2026-09-07T22:55:30.875-04:00","eventName":"n8n.audit.workflow.updated","message":"n8n.audit.workflow.updated","payload":{"userId":"af982bc0-e34f-49fe-a826-09b5d0f81678","_email":"cnrsh@yahoo.com","_firstName":"Naresh","_lastName":"Chauhan","globalRole":"global:owner","workflowId":"KS55PJ26KRY8yRFh","workflowName":"My workflow"}}
{"__type":"$$EventMessageConfirm","confirm":"f240df66-01e6-4253-9507-5a2a5402e7b6","ts":"2026-09-07T22:55:30.875-04:00","source":{"id":"0","name":"eventBus"}}
{"__type":"$$EventMessageAudit","id":"058b97a1-e5b9-49d4-a3bf-b171e951f054","ts":"2026-09-07T22:55:58.458-04:00","eventName":"n8n.audit.workflow.updated","message":"n8n.audit.workflow.updated","payload":{"userId":"af982bc0-e34f-49fe-a826-09b5d0f81678","_email":"cnrsh@yahoo.com","_firstName":"Naresh","_lastName":"Chauhan","globalRole":"global:owner","workflowId":"KS55PJ26KRY8yRFh","workflowName":"My workflow"}}
{"__type":"$$EventMessageConfirm","confirm":"058b97a1-e5b9-49d4-a3bf-b171e951f054","ts":"2026-09-07T22:55:58.458-04:00","source":{"id":"0","name":"eventBus"}}
{"__type":"$$EventMessageAudit","id":"e1d76c07-6bf7-4ea9-a888-90633a865a72","ts":"2026-09-07T22:56:02.842-04:00","eventName":"n8n.audit.workflow.updated","message":"n8n.audit.workflow.updated","payload":{"userId":"af982bc0-e34f-49fe-a826-09b5d0f81678","_email":"cnrsh@yahoo.com","_firstName":"Naresh","_lastName":"Chauhan","globalRole":"global:owner","workflowId":"KS55PJ26KRY8yRFh","workflowName":"My workflow"}}
{"__type":"$$EventMessageConfirm","confirm":"e1d76c07-6bf7-4ea9-a888-90633a865a72","ts":"2026-09-07T22:56:02.842-04:00","source":{"id":"0","name":"eventBus"}}
{"__type":"$$EventMessageAudit","id":"8faf0e24-fc1b-4b9c-9e26-5d0c50e97794","ts":"2026-09-07T22:56:07.365-04:00","eventName":"n8n.audit.workflow.updated","message":"n8n.audit.workflow.updated","payload":{"userId":"af982bc0-e34f-49fe-a826-09b5d0f81678","_email":"cnrsh@yahoo.com","_firstName":"Naresh","_lastName":"Chauhan","globalRole":"global:owner","workflowId":"KS55PJ26KRY8yRFh","workflowName":"My workflow"}}
{"__type":"$$EventMessageConfirm","confirm":"8faf0e24-fc1b-4b9c-9e26-5d0c50e97794","ts":"2026-09-07T22:56:07.365-04:00","source":{"id":"0","name":"eventBus"}}
{"__type":"$$EventMessageAudit","id":"3affda16-5e08-4c96-bb00-fc0817a035ef","ts":"2026-09-07T22:56:16.790-04:00","eventName":"n8n.audit.workflow.updated","message":"n8n.audit.workflow.updated","payload":{"userId":"af982bc0-e34f-49fe-a826-09b5d0f81678","_email":"cnrsh@yahoo.com","_firstName":"Naresh","_lastName":"Chauhan","globalRole":"global:owner","workflowId":"KS55PJ26KRY8yRFh","workflowName":"My workflow"}}
{"__type":"$$EventMessageConfirm","confirm":"3affda16-5e08-4c96-bb00-fc0817a035ef","ts":"2026-09-07T22:56:16.790-04:00","source":{"id":"0","name":"eventBus"}}
{"__type":"$$EventMessageAudit","id":"7508c27d-d576-4a9e-8391-002e3632df0c","ts":"2026-09-07T22:56:20.621-04:00","eventName":"n8n.audit.workflow.updated","message":"n8n.audit.workflow.updated","payload":{"userId":"af982bc0-e34f-49fe-a826-09b5d0f81678","_email":"cnrsh@yahoo.com","_firstName":"Naresh","_lastName":"Chauhan","globalRole":"global:owner","workflowId":"KS55PJ26KRY8yRFh","workflowName":"My workflow"}}
{"__type":"$$EventMessageConfirm","confirm":"7508c27d-d576-4a9e-8391-002e3632df0c","ts":"2026-09-07T22:56:20.621-04:00","source":{"id":"0","name":"eventBus"}}
{"__type":"$$EventMessageAudit","id":"fa76a517-32b8-4235-98fb-38a7ad514efe","ts":"2026-09-07T22:56:35.355-04:00","eventName":"n8n.audit.workflow.updated","message":"n8n.audit.workflow.updated","payload":{"userId":"af982bc0-e34f-49fe-a826-09b5d0f81678","_email":"cnrsh@yahoo.com","_firstName":"Naresh","_lastName":"Chauhan","globalRole":"global:owner","workflowId":"KS55PJ26KRY8yRFh","workflowName":"My workflow"}}
{"__type":"$$EventMessageConfirm","confirm":"fa76a517-32b8-4235-98fb-38a7ad514efe","ts":"2026-09-07T22:56:35.355-04:00","source":{"id":"0","name":"eventBus"}}
{"__type":"$$EventMessageAudit","id":"1221b534-d7fa-4dd3-916d-1259feaf9714","ts":"2026-09-07T22:56:51.032-04:00","eventName":"n8n.audit.workflow.updated","message":"n8n.audit.workflow.updated","payload":{"userId":"af982bc0-e34f-49fe-a826-09b5d0f81678","_email":"cnrsh@yahoo.com","_firstName":"Naresh","_lastName":"Chauhan","globalRole":"global:owner","workflowId":"KS55PJ26KRY8yRFh","workflowName":"My workflow"}}
{"__type":"$$EventMessageConfirm","confirm":"1221b534-d7fa-4dd3-916d-1259feaf9714","ts":"2026-09-07T22:56:51.032-04:00","source":{"id":"0","name":"eventBus"}}
{"__type":"$$EventMessageAudit","id":"a986bb6d-ad87-40ec-b6d6-7bd320fb64ab","ts":"2026-09-07T22:57:12.159-04:00","eventName":"n8n.audit.workflow.updated","message":"n8n.audit.workflow.updated","payload":{"userId":"af982bc0-e34f-49fe-a826-09b5d0f81678","_email":"cnrsh@yahoo.com","_firstName":"Naresh","_lastName":"Chauhan","globalRole":"global:owner","workflowId":"KS55PJ26KRY8yRFh","workflowName":"My workflow"}}
{"__type":"$$EventMessageConfirm","confirm":"a986bb6d-ad87-40ec-b6d6-7bd320fb64ab","ts":"2026-09-07T22:57:12.159-04:00","source":{"id":"0","name":"eventBus"}}
{"__type":"$$EventMessageAudit","id":"60f16ba0-bdf5-4bbd-9a4a-a8b6b6fbc074","ts":"2026-09-07T22:58:06.145-04:00","eventName":"n8n.audit.workflow.executed","message":"n8n.audit.workflow.executed","payload":{"userId":"af982bc0-e34f-49fe-a826-09b5d0f81678","_email":"cnrsh@yahoo.com","_firstName":"Naresh","_lastName":"Chauhan","globalRole":"global:owner","workflowId":"KS55PJ26KRY8yRFh","workflowName":"My workflow","executionId":"3","projectId":"eCjVxmKv6JJs8lKE","projectName":"Naresh Chauhan <cnrsh@yahoo.com>","source":"user-manual"}}
{"__type":"$$EventMessageConfirm","confirm":"60f16ba0-bdf5-4bbd-9a4a-a8b6b6fbc074","ts":"2026-09-07T22:58:06.146-04:00","source":{"id":"0","name":"eventBus"}}
{"__type":"$$EventMessageWorkflow","id":"8d1830a8-3d96-486a-b788-75297589d77f","ts":"2026-09-07T22:58:06.146-04:00","eventName":"n8n.workflow.started","message":"n8n.workflow.started","payload":{"executionId":"3","workflowId":"KS55PJ26KRY8yRFh","isManual":false,"mode":"manual","workflowName":"My workflow","projectId":"eCjVxmKv6JJs8lKE","projectName":"Naresh Chauhan <cnrsh@yahoo.com>"}}
{"__type":"$$EventMessageConfirm","confirm":"8d1830a8-3d96-486a-b788-75297589d77f","ts":"2026-09-07T22:58:06.146-04:00","source":{"id":"0","name":"eventBus"}}
{"__type":"$$EventMessageNode","id":"8be4dbbe-5127-4e5e-9c3e-d435ea9d11bb","ts":"2026-09-07T22:58:06.155-04:00","eventName":"n8n.node.started","message":"n8n.node.started","payload":{"workflowId":"KS55PJ26KRY8yRFh","workflowName":"My workflow","executionId":"3","nodeType":"n8n-nodes-base.set","nodeName":"Compose Final","nodeId":"40a04678-4a3d-4f76-9bf9-4141fe2156eb"}}
{"__type":"$$EventMessageConfirm","confirm":"8be4dbbe-5127-4e5e-9c3e-d435ea9d11bb","ts":"2026-09-07T22:58:06.156-04:00","source":{"id":"0","name":"eventBus"}}
{"__type":"$$EventMessageNode","id":"dad59f65-021c-4129-b2e0-68f40218f1cd","ts":"2026-09-07T22:58:06.188-04:00","eventName":"n8n.node.finished","message":"n8n.node.finished","payload":{"workflowId":"KS55PJ26KRY8yRFh","workflowName":"My workflow","executionId":"3","nodeType":"n8n-nodes-base.set","nodeName":"Compose Final","nodeId":"40a04678-4a3d-4f76-9bf9-4141fe2156eb"}}
{"__type":"$$EventMessageConfirm","confirm":"dad59f65-021c-4129-b2e0-68f40218f1cd","ts":"2026-09-07T22:58:06.188-04:00","source":{"id":"0","name":"eventBus"}}
{"__type":"$$EventMessageWorkflow","id":"70317a23-e6d0-44db-a4ef-b975e54c32f5","ts":"2026-09-07T22:58:06.190-04:00","eventName":"n8n.workflow.success","message":"n8n.workflow.success","payload":{"userId":"af982bc0-e34f-49fe-a826-09b5d0f81678","executionId":"3","success":true,"isManual":true,"mode":"manual","workflowId":"KS55PJ26KRY8yRFh","workflowName":"My workflow","projectId":"eCjVxmKv6JJs8lKE","projectName":"Naresh Chauhan <cnrsh@yahoo.com>"}}
{"__type":"$$EventMessageConfirm","confirm":"70317a23-e6d0-44db-a4ef-b975e54c32f5","ts":"2026-09-07T22:58:06.190-04:00","source":{"id":"0","name":"eventBus"}}
